[v15.100][DPS Meter] RUN-HISTORY loaded count=8 file-count=8 chars=39570 path=C:/Users/hlai/AppData/LocalLow/Lizard Smoothie/Shape of Dreams\DPSMeter-run-history.json
[v15.100][DPS Meter] UI input blocker initialized
[v15.100][DPS Meter] EMBLEM UI component=UnityEngine.UI.Image object=Icon sprite=texEmblemMist texture=texEmblemMist rect=512x512 active=False
[v15.100][DPS Meter] EMBLEM UI component=UnityEngine.UI.Image object=Icon sprite=texEmblemMist texture=texEmblemMist rect=512x512 active=False
[v15.100][DPS Meter] EMBLEM UI component=UnityEngine.UI.Image object=Icon sprite=texEmblemMist texture=texEmblemMist rect=512x512 active=False
[v15.100][DPS Meter] EMBLEM UI component=UnityEngine.UI.Image object=Icon sprite=texEmblemMist texture=texEmblemMist rect=512x512 active=False
[v15.100][DPS Meter] EMBLEM UI component=UnityEngine.UI.Image object=Icon sprite=texEmblemMist texture=texEmblemMist rect=512x512 active=False
[v15.100][DPS Meter] EMBLEM UI component=UnityEngine.UI.Image object=Icon sprite=texEmblemMist texture=texEmblemMist rect=512x512 active=False
[v15.100][DPS Meter] EMBLEM UI component=UnityEngine.UI.Image object=Icon sprite=texEmblemMist texture=texEmblemMist rect=512x512 active=False
[v15.100][DPS Meter] EMBLEM UI component=UnityEngine.UI.Image object=Icon sprite=texEmblemMist texture=texEmblemMist rect=512x512 active=False
[v15.100][DPS Meter] EMBLEM UI component=UnityEngine.UI.Image object=Icon sprite=texEmblemMist texture=texEmblemMist rect=512x512 active=False
[v15.100][DPS Meter] EMBLEM UI component=UnityEngine.UI.Image object=Icon sprite=texEmblemMist texture=texEmblemMist rect=512x512 active=False
[v15.100][DPS Meter] EMBLEM UI component=UnityEngine.UI.Image object=Icon sprite=texEmblemMist texture=texEmblemMist rect=512x512 active=False
[v15.100][DPS Meter] EMBLEM UI component=UnityEngine.UI.Image object=Icon sprite=texEmblemMist texture=texEmblemMist rect=512x512 active=False
[v15.100][DPS Meter] EMBLEM UI component=UnityEngine.UI.Image object=Icon sprite=texEmblemMist texture=texEmblemMist rect=512x512 active=False
[v15.100][DPS Meter] EMBLEM UI component=UnityEngine.UI.Image object=Icon sprite=texEmblemMist texture=texEmblemMist rect=512x512 active=False
[v15.100][DPS Meter] EMBLEM UI component=UnityEngine.UI.Image object=Icon sprite=texEmblemMist texture=texEmblemMist rect=512x512 active=False
[v15.100][DPS Meter] EMBLEM UI component=UnityEngine.UI.Image object=Icon sprite=texEmblemMist texture=texEmblemMist rect=512x512 active=False
[v15.100][DPS Meter] EMBLEM UI component=UnityEngine.UI.Image object=Icon sprite=texEmblemMist texture=texEmblemMist rect=512x512 active=False
[v15.100][DPS Meter] EMBLEM UI component=UnityEngine.UI.Image object=Icon sprite=texEmblemMist texture=texEmblemMist rect=512x512 active=False
[v15.100][DPS Meter] EMBLEM UI component=UnityEngine.UI.Image object=Icon sprite=texEmblemMist texture=texEmblemMist rect=512x512 active=False
[v15.100][DPS Meter] EMBLEM UI component=UnityEngine.UI.Image object=Icon sprite=texEmblemMist texture=texEmblemMist rect=512x512 active=False
[v15.100][DPS Meter] EMBLEM UI component=UnityEngine.UI.Image object=Icon sprite=texEmblemMist texture=texEmblemMist rect=512x512 active=False
[v15.100][DPS Meter] EMBLEM UI component=UnityEngine.UI.Image object=Icon sprite=texEmblemMist texture=texEmblemMist rect=512x512 active=False
[v15.100][DPS Meter] EMBLEM UI component=UnityEngine.UI.Image object=Icon sprite=texEmblemMist texture=texEmblemMist rect=512x512 active=False
[v15.100][DPS Meter] EMBLEM UI component=UnityEngine.UI.Image object=Icon sprite=texEmblemMist texture=texEmblemMist rect=512x512 active=False
[v15.100][DPS Meter] EMBLEM UI component=UnityEngine.UI.Image object=Icon sprite=texEmblemMist texture=texEmblemMist rect=512x512 active=False
[v15.100][DPS Meter] EMBLEM UI component=UnityEngine.UI.Image object=Icon sprite=texEmblemMist texture=texEmblemMist rect=512x512 active=False
[v15.100][DPS Meter] EMBLEM UI component=UnityEngine.UI.Image object=Icon sprite=texEmblemMist texture=texEmblemMist rect=512x512 active=False
[v15.100][DPS Meter] EMBLEM UI component=UnityEngine.UI.Image object=Icon sprite=texEmblemMist texture=texEmblemMist rect=512x512 active=False
[v15.100][DPS Meter] EMBLEM UI component=UnityEngine.UI.Image object=Icon sprite=texEmblemMist texture=texEmblemMist rect=512x512 active=False
[v15.100][DPS Meter] EMBLEM UI component=UnityEngine.UI.Image object=Icon sprite=texEmblemMist texture=texEmblemMist rect=512x512 active=False
[v15.100][DPS Meter] EMBLEM UI component=UnityEngine.UI.Image object=Icon sprite=texEmblemMist texture=texEmblemMist rect=512x512 active=False
[v15.100][DPS Meter] EMBLEM UI component=UnityEngine.UI.Image object=Icon sprite=texEmblemMist texture=texEmblemMist rect=512x512 active=False
[v15.100][DPS Meter] EMBLEM UI component=UnityEngine.UI.Image object=Icon sprite=texEmblemMist texture=texEmblemMist rect=512x512 active=False
[v15.100][DPS Meter] EMBLEM UI component=UnityEngine.UI.Image object=Icon sprite=texEmblemMist texture=texEmblemMist rect=512x512 active=False
[v15.100][DPS Meter] EMBLEM UI component=UnityEngine.UI.Image object=Icon sprite=texEmblemMist texture=texEmblemMist rect=512x512 active=False
[v15.100][DPS Meter] EMBLEM UI component=UnityEngine.UI.Image object=Icon sprite=texEmblemMist texture=texEmblemMist rect=512x512 active=False
[v15.100][DPS Meter] EMBLEM UI component=UnityEngine.UI.Image object=Icon sprite=texEmblemMist texture=texEmblemMist rect=512x512 active=False
[v15.100][DPS Meter] EMBLEM UI component=UnityEngine.UI.Image object=Icon sprite=texEmblemMist texture=texEmblemMist rect=512x512 active=False
[v15.100][DPS Meter] EMBLEM UI component=UnityEngine.UI.Image object=Icon sprite=texEmblemMist texture=texEmblemMist rect=512x512 active=False
[v15.100][DPS Meter] EMBLEM UI component=UnityEngine.UI.Image object=Icon sprite=texEmblemMist texture=texEmblemMist rect=512x512 active=False
[v15.100][DPS Meter] EMBLEM UI component=UnityEngine.UI.Image object=Icon sprite=texEmblemMist texture=texEmblemMist rect=512x512 active=False
[v15.100][DPS Meter] EMBLEM UI component=UnityEngine.UI.Image object=Icon sprite=texEmblemMist texture=texEmblemMist rect=512x512 active=False
[v15.100][DPS Meter] EMBLEM UI component=UnityEngine.UI.Image object=Icon sprite=texEmblemMist texture=texEmblemMist rect=512x512 active=False
[v15.100][DPS Meter] EMBLEM UI component=UnityEngine.UI.Image object=Icon sprite=texEmblemMist texture=texEmblemMist rect=512x512 active=False
[v15.100][DPS Meter] EMBLEM UI component=UnityEngine.UI.Image object=Icon sprite=texEmblemMist texture=texEmblemMist rect=512x512 active=False
[v15.100][DPS Meter] EMBLEM UI component=UnityEngine.UI.Image object=Icon sprite=texEmblemMist texture=texEmblemMist rect=512x512 active=False
[v15.100][DPS Meter] EMBLEM UI component=UnityEngine.UI.Image object=Icon sprite=texEmblemMist texture=texEmblemMist rect=512x512 active=False
[v15.100][DPS Meter] EMBLEM UI component=UnityEngine.UI.Image object=Icon sprite=texEmblemMist texture=texEmblemMist rect=512x512 active=False
[v15.100][DPS Meter] EMBLEM UI component=UnityEngine.UI.Image object=Icon sprite=texEmblemMist texture=texEmblemMist rect=512x512 active=False
[v15.100][DPS Meter] EMBLEM UI component=UnityEngine.UI.Image object=Icon sprite=texEmblemMist texture=texEmblemMist rect=512x512 active=False
[v15.100][DPS Meter] EMBLEM UI component=UnityEngine.UI.Image object=Icon sprite=texEmblemMist texture=texEmblemMist rect=512x512 active=False
[v15.100][DPS Meter] EMBLEM UI component=UnityEngine.UI.Image object=Icon sprite=texEmblemMist texture=texEmblemMist rect=512x512 active=False
[v15.100][DPS Meter] EMBLEM UI component=UnityEngine.UI.Image object=Icon sprite=texEmblemMist texture=texEmblemMist rect=512x512 active=False
[v15.100][DPS Meter] EMBLEM UI component=UnityEngine.UI.Image object=Icon sprite=texEmblemMist texture=texEmblemMist rect=512x512 active=False
[v15.100][DPS Meter] EMBLEM UI component=UnityEngine.UI.Image object=Icon sprite=texEmblemMist texture=texEmblemMist rect=512x512 active=False
[v15.100][DPS Meter] EMBLEM UI component=UnityEngine.UI.Image object=Icon sprite=texEmblemMist texture=texEmblemMist rect=512x512 active=False
[v15.100][DPS Meter] EMBLEM UI component=UnityEngine.UI.Image object=Icon sprite=texEmblemMist texture=texEmblemMist rect=512x512 active=False
[v15.100][DPS Meter] EMBLEM UI component=UnityEngine.UI.Image object=Icon sprite=texEmblemMist texture=texEmblemMist rect=512x512 active=False
[v15.100][DPS Meter] EMBLEM UI component=UnityEngine.UI.Image object=Icon sprite=texEmblemMist texture=texEmblemMist rect=512x512 active=False
[v15.100][DPS Meter] EMBLEM UI component=UnityEngine.UI.Image object=Icon sprite=texEmblemMist texture=texEmblemMist rect=512x512 active=False
[v15.100][DPS Meter] EMBLEM UI component=UnityEngine.UI.Image object=Icon sprite=texEmblemMist texture=texEmblemMist rect=512x512 active=False
[v15.100][DPS Meter] EMBLEM UI component=UnityEngine.UI.Image object=Icon sprite=texEmblemMist texture=texEmblemMist rect=512x512 active=False
[v15.100][DPS Meter] EMBLEM UI component=UnityEngine.UI.Image object=Icon sprite=texEmblemMist texture=texEmblemMist rect=512x512 active=False
[v15.100][DPS Meter] EMBLEM UI component=UnityEngine.UI.Image object=Icon sprite=texEmblemMist texture=texEmblemMist rect=512x512 active=False
[v15.100][DPS Meter] EMBLEM UI component=UnityEngine.UI.Image object=Icon sprite=texEmblemMist texture=texEmblemMist rect=512x512 active=False
[v15.100][DPS Meter] EMBLEM UI component=UnityEngine.UI.Image object=Icon sprite=texEmblemMist texture=texEmblemMist rect=512x512 active=False
[v15.100][DPS Meter] EMBLEM UI component=UnityEngine.UI.Image object=Icon sprite=texEmblemMist texture=texEmblemMist rect=512x512 active=False
[v15.100][DPS Meter] EMBLEM UI component=UnityEngine.UI.Image object=Icon sprite=texEmblemMist texture=texEmblemMist rect=512x512 active=False
[v15.100][DPS Meter] EMBLEM UI component=UnityEngine.UI.Image object=Icon sprite=texEmblemMist texture=texEmblemMist rect=512x512 active=False
[v15.100][DPS Meter] EMBLEM UI component=UnityEngine.UI.Image object=Icon sprite=texEmblemMist texture=texEmblemMist rect=512x512 active=False
[v15.100][DPS Meter] EMBLEM UI component=UnityEngine.UI.Image object=Icon sprite=texEmblemMist texture=texEmblemMist rect=512x512 active=False
[v15.100][DPS Meter] EMBLEM UI component=UnityEngine.UI.Image object=Icon sprite=texEmblemMist texture=texEmblemMist rect=512x512 active=False
[v15.100][DPS Meter] EMBLEM UI component=UnityEngine.UI.Image object=Icon sprite=texEmblemMist texture=texEmblemMist rect=512x512 active=False
[v15.100][DPS Meter] EMBLEM UI component=UnityEngine.UI.Image object=Icon sprite=texEmblemMist texture=texEmblemMist rect=512x512 active=False
[v15.100][DPS Meter] EMBLEM UI component=UnityEngine.UI.Image object=Icon sprite=texEmblemMist texture=texEmblemMist rect=512x512 active=False
[v15.100][DPS Meter] EMBLEM UI component=UnityEngine.UI.Image object=Icon sprite=texEmblemMist texture=texEmblemMist rect=512x512 active=False
[v15.100][DPS Meter] EMBLEM UI component=UnityEngine.UI.Image object=Icon sprite=texEmblemMist texture=texEmblemMist rect=512x512 active=False
[v15.100][DPS Meter] EMBLEM UI component=UnityEngine.UI.Image object=Icon sprite=texEmblemMist texture=texEmblemMist rect=512x512 active=False
[v15.100][DPS Meter] EMBLEM UI component=UnityEngine.UI.Image object=Icon sprite=texEmblemMist texture=texEmblemMist rect=512x512 active=False
[v15.100][DPS Meter] EMBLEM UI component=UnityEngine.UI.Image object=Icon sprite=texEmblemMist texture=texEmblemMist rect=512x512 active=False
[v15.100][DPS Meter] EMBLEM UI component=UnityEngine.UI.Image object=Icon sprite=texEmblemMist texture=texEmblemMist rect=512x512 active=False
[v15.100][DPS Meter] EMBLEM UI component=UnityEngine.UI.Image object=Icon sprite=texEmblemMist texture=texEmblemMist rect=512x512 active=False
[v15.100][DPS Meter] EMBLEM UI component=UnityEngine.UI.Image object=Icon sprite=texEmblemMist texture=texEmblemMist rect=512x512 active=False
[v15.100][DPS Meter] EMBLEM UI component=UnityEngine.UI.Image object=Icon sprite=texEmblemMist texture=texEmblemMist rect=512x512 active=False
[v15.100][DPS Meter] EMBLEM UI component=UnityEngine.UI.Image object=Icon sprite=texEmblemMist texture=texEmblemMist rect=512x512 active=False
[v15.100][DPS Meter] EMBLEM UI component=UnityEngine.UI.Image object=Icon sprite=texEmblemMist texture=texEmblemMist rect=512x512 active=False
[v15.100][DPS Meter] EMBLEM UI component=UnityEngine.UI.Image object=Icon sprite=texEmblemMist texture=texEmblemMist rect=512x512 active=False
[v15.100][DPS Meter] EMBLEM UI component=UnityEngine.UI.Image object=Icon sprite=texEmblemMist texture=texEmblemMist rect=512x512 active=False
[v15.100][DPS Meter] EMBLEM UI component=UnityEngine.UI.Image object=Icon sprite=texEmblemMist texture=texEmblemMist rect=512x512 active=False
[v15.100][DPS Meter] EMBLEM UI component=UnityEngine.UI.Image object=Icon sprite=texEmblemMist texture=texEmblemMist rect=512x512 active=False
[v15.100][DPS Meter] EMBLEM UI component=UnityEngine.UI.Image object=Icon sprite=texEmblemMist texture=texEmblemMist rect=512x512 active=False
[v15.100][DPS Meter] EMBLEM UI component=UnityEngine.UI.Image object=Icon sprite=texEmblemMist texture=texEmblemMist rect=512x512 active=False
[v15.100][DPS Meter] EMBLEM UI component=UnityEngine.UI.Image object=Icon sprite=texEmblemMist texture=texEmblemMist rect=512x512 active=False
[v15.100][DPS Meter] EMBLEM UI component=UnityEngine.UI.Image object=Icon sprite=texEmblemMist texture=texEmblemMist rect=512x512 active=False
[v15.100][DPS Meter] EMBLEM UI component=UnityEngine.UI.Image object=Icon sprite=texEmblemMist texture=texEmblemMist rect=512x512 active=False
[v15.100][DPS Meter] EMBLEM UI component=UnityEngine.UI.Image object=Icon sprite=texEmblemMist texture=texEmblemMist rect=512x512 active=False
[v15.100][DPS Meter] EMBLEM UI component=UnityEngine.UI.Image object=Icon sprite=texEmblemMist texture=texEmblemMist rect=512x512 active=False
[v15.100][DPS Meter] EMBLEM UI component=UnityEngine.UI.Image object=Icon sprite=texEmblemMist texture=texEmblemMist rect=512x512 active=False
[v15.100][DPS Meter] EMBLEM UI component=UnityEngine.UI.Image object=Icon sprite=texEmblemMist texture=texEmblemMist rect=512x512 active=False
[v15.100][DPS Meter] EMBLEM UI component=UnityEngine.UI.Image object=Icon sprite=texEmblemMist texture=texEmblemMist rect=512x512 active=False
[v15.100][DPS Meter] EMBLEM UI component=UnityEngine.UI.Image object=Icon sprite=texEmblemMist texture=texEmblemMist rect=512x512 active=False
[v15.100][DPS Meter] EMBLEM UI component=UnityEngine.UI.Image object=Icon sprite=texEmblemMist texture=texEmblemMist rect=512x512 active=False
[v15.100][DPS Meter] EMBLEM UI component=UnityEngine.UI.Image object=Icon sprite=texEmblemMist texture=texEmblemMist rect=512x512 active=False
[v15.100][DPS Meter] EMBLEM UI component=UnityEngine.UI.Image object=Icon sprite=texEmblemMist texture=texEmblemMist rect=512x512 active=False
[v15.100][DPS Meter] EMBLEM UI component=UnityEngine.UI.Image object=Icon sprite=texEmblemMist texture=texEmblemMist rect=512x512 active=False
[v15.100][DPS Meter] EMBLEM UI component=UnityEngine.UI.Image object=Icon sprite=texEmblemMist texture=texEmblemMist rect=512x512 active=False
[v15.100][DPS Meter] EMBLEM UI component=UnityEngine.UI.Image object=Icon sprite=texEmblemMist texture=texEmblemMist rect=512x512 active=False
[v15.100][DPS Meter] EMBLEM UI component=UnityEngine.UI.Image object=Icon sprite=texEmblemMist texture=texEmblemMist rect=512x512 active=False
[v15.100][DPS Meter] EMBLEM UI component=UnityEngine.UI.Image object=Icon sprite=texEmblemMist texture=texEmblemMist rect=512x512 active=False
[v15.100][DPS Meter] EMBLEM UI component=UnityEngine.UI.Image object=Icon sprite=texEmblemMist texture=texEmblemMist rect=512x512 active=False
[v15.100][DPS Meter] EMBLEM UI component=UnityEngine.UI.Image object=Icon sprite=texEmblemMist texture=texEmblemMist rect=512x512 active=False
[v15.100][DPS Meter] EMBLEM UI component=UnityEngine.UI.Image object=Icon sprite=texEmblemMist texture=texEmblemMist rect=512x512 active=False
[v15.100][DPS Meter] EMBLEM UI component=UnityEngine.UI.Image object=Icon sprite=texEmblemMist texture=texEmblemMist rect=512x512 active=False
[v15.100][DPS Meter] EMBLEM UI component=UnityEngine.UI.Image object=Icon sprite=texEmblemMist texture=texEmblemMist rect=512x512 active=False
[v15.100][DPS Meter] EMBLEM UI component=UnityEngine.UI.Image object=Icon sprite=texEmblemMist texture=texEmblemMist rect=512x512 active=False
[v15.100][DPS Meter] EMBLEM UI component=UnityEngine.UI.Image object=Icon sprite=texEmblemMist texture=texEmblemMist rect=512x512 active=False
[v15.100][DPS Meter] EMBLEM UI component=UnityEngine.UI.Image object=Icon sprite=texEmblemMist texture=texEmblemMist rect=512x512 active=False
[v15.100][DPS Meter] EMBLEM UI component=UnityEngine.UI.Image object=Icon sprite=texEmblemMist texture=texEmblemMist rect=512x512 active=False
[v15.100][DPS Meter] EMBLEM UI component=UnityEngine.UI.Image object=Icon sprite=texEmblemMist texture=texEmblemMist rect=512x512 active=False
[v15.100][DPS Meter] EMBLEM UI component=UnityEngine.UI.Image object=Icon sprite=texEmblemMist texture=texEmblemMist rect=512x512 active=False
[v15.100][DPS Meter] EMBLEM UI component=UnityEngine.UI.Image object=Icon sprite=texEmblemMist texture=texEmblemMist rect=512x512 active=False
[v15.100][DPS Meter] EMBLEM UI component=UnityEngine.UI.Image object=Icon sprite=texEmblemMist texture=texEmblemMist rect=512x512 active=False
[v15.100][DPS Meter] EMBLEM UI component=UnityEngine.UI.Image object=Icon sprite=texEmblemMist texture=texEmblemMist rect=512x512 active=False
[v15.100][DPS Meter] EMBLEM UI component=UnityEngine.UI.Image object=Icon sprite=texEmblemMist texture=texEmblemMist rect=512x512 active=False
[v15.100][DPS Meter] EMBLEM UI component=UnityEngine.UI.Image object=Icon sprite=texEmblemMist texture=texEmblemMist rect=512x512 active=False
[v15.100][DPS Meter] EMBLEM UI component=UnityEngine.UI.Image object=Icon sprite=texEmblemMist texture=texEmblemMist rect=512x512 active=False
[v15.100][DPS Meter] EMBLEM UI component=UnityEngine.UI.Image object=Icon sprite=texEmblemMist texture=texEmblemMist rect=512x512 active=False
[v15.100][DPS Meter] EMBLEM UI component=UnityEngine.UI.Image object=Icon sprite=texEmblemMist texture=texEmblemMist rect=512x512 active=False
[v15.100][DPS Meter] EMBLEM UI component=UnityEngine.UI.Image object=Icon sprite=texEmblemMist texture=texEmblemMist rect=512x512 active=False
[v15.100][DPS Meter] EMBLEM UI component=UnityEngine.UI.Image object=Icon sprite=texEmblemMist texture=texEmblemMist rect=512x512 active=False
[v15.100][DPS Meter] EMBLEM UI component=UnityEngine.UI.Image object=Icon sprite=texEmblemMist texture=texEmblemMist rect=512x512 active=False
[v15.100][DPS Meter] EMBLEM UI component=UnityEngine.UI.Image object=Icon sprite=texEmblemMist texture=texEmblemMist rect=512x512 active=False
[v15.100][DPS Meter] EMBLEM UI component=UnityEngine.UI.Image object=Icon sprite=texEmblemMist texture=texEmblemMist rect=512x512 active=False
[v15.100][DPS Meter] EMBLEM UI component=UnityEngine.UI.Image object=Icon sprite=texEmblemMist texture=texEmblemMist rect=512x512 active=False
[v15.100][DPS Meter] EMBLEM UI component=UnityEngine.UI.Image object=Icon sprite=texEmblemMist texture=texEmblemMist rect=512x512 active=False
[v15.100][DPS Meter] EMBLEM UI component=UnityEngine.UI.Image object=Icon sprite=texEmblemMist texture=texEmblemMist rect=512x512 active=False
[v15.100][DPS Meter] EMBLEM UI component=UnityEngine.UI.Image object=Icon sprite=texEmblemMist texture=texEmblemMist rect=512x512 active=False
[v15.100][DPS Meter] EMBLEM UI component=UnityEngine.UI.Image object=Icon sprite=texEmblemMist texture=texEmblemMist rect=512x512 active=False
[v15.100][DPS Meter] EMBLEM UI component=UnityEngine.UI.Image object=Icon sprite=texEmblemMist texture=texEmblemMist rect=512x512 active=False
[v15.100][DPS Meter] EMBLEM UI component=UnityEngine.UI.Image object=Icon sprite=texEmblemMist texture=texEmblemMist rect=512x512 active=False
[v15.100][DPS Meter] EMBLEM UI component=UnityEngine.UI.Image object=Icon sprite=texEmblemMist texture=texEmblemMist rect=512x512 active=False
[v15.100][DPS Meter] EMBLEM UI component=UnityEngine.UI.Image object=Icon sprite=texEmblemMist texture=texEmblemMist rect=512x512 active=False
[v15.100][DPS Meter] EMBLEM UI component=UnityEngine.UI.Image object=Icon sprite=texEmblemMist texture=texEmblemMist rect=512x512 active=False
[v15.100][DPS Meter] EMBLEM UI component=UnityEngine.UI.Image object=Icon sprite=texEmblemMist texture=texEmblemMist rect=512x512 active=False
[v15.100][DPS Meter] EMBLEM UI component=UnityEngine.UI.Image object=Icon sprite=texEmblemMist texture=texEmblemMist rect=512x512 active=False
[v15.100][DPS Meter] EMBLEM UI component=UnityEngine.UI.Image object=Icon sprite=texEmblemMist texture=texEmblemMist rect=512x512 active=False
[v15.100][DPS Meter] EMBLEM UI component=UnityEngine.UI.Image object=Icon sprite=texEmblemMist texture=texEmblemMist rect=512x512 active=False
[v15.100][DPS Meter] EMBLEM UI component=UnityEngine.UI.Image object=Icon sprite=texEmblemMist texture=texEmblemMist rect=512x512 active=False
[v15.100][DPS Meter] EMBLEM UI component=UnityEngine.UI.Image object=Icon sprite=texEmblemMist texture=texEmblemMist rect=512x512 active=False
[v15.100][DPS Meter] EMBLEM UI component=UnityEngine.UI.Image object=Icon sprite=texEmblemMist texture=texEmblemMist rect=512x512 active=False
[v15.100][DPS Meter] EMBLEM UI component=UnityEngine.UI.Image object=Icon sprite=texEmblemMist texture=texEmblemMist rect=512x512 active=False
[v15.100][DPS Meter] EMBLEM UI component=UnityEngine.UI.Image object=Icon sprite=texEmblemMist texture=texEmblemMist rect=512x512 active=False
[v15.100][DPS Meter] EMBLEM UI component=UnityEngine.UI.Image object=Icon sprite=texEmblemMist texture=texEmblemMist rect=512x512 active=False
[v15.100][DPS Meter] EMBLEM UI component=UnityEngine.UI.Image object=Icon sprite=texEmblemMist texture=texEmblemMist rect=512x512 active=False
[v15.100][DPS Meter] EMBLEM UI component=UnityEngine.UI.Image object=Icon sprite=texEmblemMist texture=texEmblemMist rect=512x512 active=False
[v15.100][DPS Meter] EMBLEM UI component=UnityEngine.UI.Image object=Icon sprite=texEmblemMist texture=texEmblemMist rect=512x512 active=False
[v15.100][DPS Meter] EMBLEM UI component=UnityEngine.UI.Image object=Icon sprite=texEmblemMist texture=texEmblemMist rect=512x512 active=False
[v15.100][DPS Meter] EMBLEM UI component=UnityEngine.UI.Image object=Icon sprite=texEmblemMist texture=texEmblemMist rect=512x512 active=False
[v15.100][DPS Meter] EMBLEM UI component=UnityEngine.UI.Image object=Icon sprite=texEmblemMist texture=texEmblemMist rect=512x512 active=False
[v15.100][DPS Meter] EMBLEM UI component=UnityEngine.UI.Image object=Icon sprite=texEmblemMist texture=texEmblemMist rect=512x512 active=False
[v15.100][DPS Meter] EMBLEM UI component=UnityEngine.UI.Image object=Icon sprite=texEmblemMist texture=texEmblemMist rect=512x512 active=False
[v15.100][DPS Meter] EMBLEM UI component=UnityEngine.UI.Image object=Icon sprite=texEmblemMist texture=texEmblemMist rect=512x512 active=False
[v15.100][DPS Meter] EMBLEM UI component=UnityEngine.UI.Image object=Icon sprite=texEmblemMist texture=texEmblemMist rect=512x512 active=False
[v15.100][DPS Meter] EMBLEM UI component=UnityEngine.UI.Image object=Icon sprite=texEmblemMist texture=texEmblemMist rect=512x512 active=False
[v15.100][DPS Meter] EMBLEM UI component=UnityEngine.UI.Image object=Icon sprite=texEmblemMist texture=texEmblemMist rect=512x512 active=False
[v15.100][DPS Meter] EMBLEM UI component=UnityEngine.UI.Image object=Icon sprite=texEmblemMist texture=texEmblemMist rect=512x512 active=False
[v15.100][DPS Meter] EMBLEM UI component=UnityEngine.UI.Image object=Icon sprite=texEmblemMist texture=texEmblemMist rect=512x512 active=False
[v15.100][DPS Meter] EMBLEM UI component=UnityEngine.UI.Image object=Icon sprite=texEmblemMist texture=texEmblemMist rect=512x512 active=False
[v15.100][DPS Meter] EMBLEM UI component=UnityEngine.UI.Image object=Icon sprite=texEmblemCetus texture=texEmblemCetus rect=512x512 active=True
[v15.100][DPS Meter] EMBLEM UI component=UnityEngine.UI.Image object=Icon sprite=texEmblemHusk texture=texEmblemHusk rect=512x512 active=True
[v15.100][DPS Meter] EMBLEM UI component=UnityEngine.UI.Image object=Icon sprite=Tex Emblem Nachia texture=Tex Emblem Nachia rect=512x512 active=True
[v15.100][DPS Meter] EMBLEM UI component=UnityEngine.UI.Image object=Icon sprite=Tex Emblem Bismuth texture=Tex Emblem Bismuth rect=512x512 active=True
[v15.100][DPS Meter] EMBLEM UI component=UnityEngine.UI.Image object=Icon sprite=texEmblemAurena texture=texEmblemAurena rect=512x512 active=True
[v15.100][DPS Meter] EMBLEM UI component=UnityEngine.UI.Image object=Icon sprite=texEmblemVesper texture=texEmblemVesper rect=512x512 active=True
[v15.100][DPS Meter] EMBLEM UI component=UnityEngine.UI.Image object=Icon sprite=texEmblemYubar texture=texEmblemYubar rect=512x512 active=True
[v15.100][DPS Meter] EMBLEM UI component=UnityEngine.UI.Image object=Icon sprite=texEmblemMist texture=texEmblemMist rect=512x512 active=True
[v15.100][DPS Meter] EMBLEM UI component=UnityEngine.UI.Image object=Icon sprite=texEmblemLacerta texture=texEmblemLacerta rect=512x512 active=True
[v15.100][DPS Meter] EMBLEM UI component=UnityEngine.UI.Image object=Icon sprite=texEmblemMist texture=texEmblemMist rect=512x512 active=False
[v15.100][DPS Meter] EMBLEM UI component=UnityEngine.UI.Image object=Icon sprite=texEmblemMist texture=texEmblemMist rect=512x512 active=False
[v15.100][DPS Meter] EMBLEM UI component=UnityEngine.UI.Image object=Icon sprite=texEmblemMist texture=texEmblemMist rect=512x512 active=False
[v15.100][DPS Meter] EMBLEM UI component=UnityEngine.UI.Image object=Icon sprite=texEmblemMist texture=texEmblemMist rect=512x512 active=False
[v15.100][DPS Meter] EMBLEM UI component=UnityEngine.UI.Image object=Hero_Mist sprite=Star_Mist texture=Star_Mist rect=2048x2048 active=False
[v15.100][DPS Meter] EMBLEM UI component=UnityEngine.UI.Image object=Hero_Husk sprite=Star_Husk texture=Star_Husk rect=2048x2048 active=False
[v15.100][DPS Meter] EMBLEM UI component=UnityEngine.UI.Image object=Emblem Corner Frame sprite=Emblem coner UI texture=Emblem coner UI rect=511x512 active=False
[v15.100][DPS Meter] EMBLEM UI component=UnityEngine.UI.Image object=Hero_Bismuth sprite=Star_Bismuth texture=Star_Bismuth rect=2048x2048 active=False
[v15.100][DPS Meter] EMBLEM UI component=UnityEngine.UI.Image object=Hero_Nachia sprite=Star_Nachia texture=Star_Nachia rect=2048x2048 active=False
[v15.100][DPS Meter] EMBLEM UI component=UnityEngine.UI.Image object=Hero_Aurena sprite=Star_Aurena texture=Star_Aurena rect=2048x2048 active=False
[v15.100][DPS Meter] EMBLEM UI component=UnityEngine.UI.Image object=Hero_Vesper sprite=Star_Vesper texture=Star_Vesper rect=2048x2048 active=False
[v15.100][DPS Meter] EMBLEM UI component=UnityEngine.UI.Image object=Hero_Cetus sprite=Star_Cetus texture=Star_Cetus rect=2048x2048 active=False
[v15.100][DPS Meter] EMBLEM UI component=UnityEngine.UI.Image object=Hero_Yubar sprite=Star_Yubar texture=Star_Yubar rect=2048x2048 active=False
[v15.100][DPS Meter] EMBLEM UI component=UnityEngine.UI.Image object=Vertical Lines sprite=Emblem vertical UI texture=Emblem vertical UI rect=354x1024 active=False
[v15.100][DPS Meter] EMBLEM UI component=UnityEngine.UI.Image object=Emblems sprite=BR_Simple_Background texture=BR_Simple_Background rect=64x64 active=False
[v15.100][DPS Meter] EMBLEM UI component=UnityEngine.UI.Image object=Hero_Yubar sprite=Star_Yubar texture=Star_Yubar rect=2048x2048 active=False
[v15.100][DPS Meter] EMBLEM UI component=UnityEngine.UI.Image object=Hero_Cetus sprite=Star_Cetus texture=Star_Cetus rect=2048x2048 active=False
[v15.100][DPS Meter] EMBLEM UI component=UnityEngine.UI.Image object=Hero_Lacerta sprite=Star_Lacerta texture=Star_Lacerta rect=2048x2048 active=False
[v15.100][DPS Meter] EMBLEM UI component=UnityEngine.UI.Image object=Icon sprite=texEmblemMist texture=texEmblemMist rect=512x512 active=False
[v15.100][DPS Meter] EMBLEM UI component=UnityEngine.UI.Image object=Hero_Lacerta sprite=Star_Lacerta texture=Star_Lacerta rect=2048x2048 active=False
[v15.100][DPS Meter] EMBLEM UI component=UnityEngine.UI.Image object=Hero_Vesper sprite=Star_Vesper texture=Star_Vesper rect=2048x2048 active=False
[v15.100][DPS Meter] EMBLEM UI component=UnityEngine.UI.Image object=Hero_Aurena sprite=Star_Aurena texture=Star_Aurena rect=2048x2048 active=False
[v15.100][DPS Meter] EMBLEM UI component=UnityEngine.UI.Image object=Hero_Husk sprite=Star_Husk texture=Star_Husk rect=2048x2048 active=False
[v15.100][DPS Meter] EMBLEM UI component=UnityEngine.UI.Image object=Emblems Button sprite=BR_Simple_Background texture=BR_Simple_Background rect=64x64 active=True
[v15.100][DPS Meter] EMBLEM UI component=UnityEngine.UI.Image object=Change Character Button sprite=BR_Simple_Background texture=BR_Simple_Background rect=64x64 active=True
[v15.100][DPS Meter] EMBLEM UI component=UnityEngine.UI.Image object=Hero_Bismuth sprite=Star_Bismuth texture=Star_Bismuth rect=2048x2048 active=False
[v15.100][DPS Meter] EMBLEM UI component=UnityEngine.UI.Image object=Icon sprite=texEmblemMist texture=texEmblemMist rect=512x512 active=False
[v15.100][DPS Meter] EMBLEM UI component=UnityEngine.UI.Image object=Icon sprite=texEmblemMist texture=texEmblemMist rect=512x512 active=False
[v15.100][DPS Meter] EMBLEM UI component=UnityEngine.UI.Image object=Icon sprite=texEmblemMist texture=texEmblemMist rect=512x512 active=False
[v15.100][DPS Meter] EMBLEM UI component=UnityEngine.UI.Image object=Icon sprite=texEmblemMist texture=texEmblemMist rect=512x512 active=False
[v15.100][DPS Meter] EMBLEM UI component=UnityEngine.UI.Image object=Icon sprite=texEmblemMist texture=texEmblemMist rect=512x512 active=False
[v15.100][DPS Meter] EMBLEM UI component=UnityEngine.UI.Image object=Hero_Nachia sprite=Star_Nachia texture=Star_Nachia rect=2048x2048 active=False
[v15.100][DPS Meter] EMBLEM UI component=UnityEngine.UI.Image object=Hero_Mist sprite=Star_Mist texture=Star_Mist rect=2048x2048 active=False
[v15.100][DPS Meter] EMBLEM UI component=UnityEngine.UI.Image object=Icon sprite=Tex Emblem Bismuth texture=Tex Emblem Bismuth rect=512x512 active=False
[v15.100][DPS Meter] EMBLEM UI component=UnityEngine.UI.Image object=Icon sprite=texEmblemMist texture=texEmblemMist rect=512x512 active=False
[v15.100][DPS Meter] EMBLEM UI newly-referenced=212
[v15.100][DPS Meter] EMBLEM UI component=UnityEngine.UI.Image object=Icon sprite=texEmblemMist texture=texEmblemMist rect=512x512 active=False
[v15.100][DPS Meter] EMBLEM UI component=UnityEngine.UI.Image object=Emblems sprite=BR_Simple_Background texture=BR_Simple_Background rect=64x64 active=False
[v15.100][DPS Meter] EMBLEM UI component=UnityEngine.UI.Image object=Icon sprite=texEmblemMist texture=texEmblemMist rect=512x512 active=False
[v15.100][DPS Meter] EMBLEM UI component=UnityEngine.UI.Image object=Glow sprite=CSL_Character_Selected texture=sactx-0-4096x4096-Crunch-Atlas_InGame-4db2a7cf rect=128x128 active=False
[v15.100][DPS Meter] EMBLEM UI component=UnityEngine.UI.Image object=Icon sprite=texEmblemMist texture=texEmblemMist rect=512x512 active=False
[v15.100][DPS Meter] EMBLEM UI component=UnityEngine.UI.Image object=Icon sprite=texEmblemMist texture=texEmblemMist rect=512x512 active=True
[v15.100][DPS Meter] EMBLEM UI newly-referenced=6
[v15.100][DPS Meter] CONCLUSION subscribed manager=PlayGameManager active=True
[v15.100][DPS Meter] EMBLEM UI component=UnityEngine.UI.Image object=Icon sprite=Tex Emblem Bismuth texture=Tex Emblem Bismuth rect=512x512 active=False
[v15.100][DPS Meter] EMBLEM UI component=UnityEngine.UI.Image object=Avatar sprite=Tex Emblem Bismuth texture=Tex Emblem Bismuth rect=512x512 active=False
[v15.100][DPS Meter] EMBLEM UI newly-referenced=2
[v15.100][DPS Meter] HERO ICON current=Tex Emblem Bismuth spriteRect=512x512 texture=Tex Emblem Bismuth textureSize=512x512 heroType=Hero_Bismuth
[v15.100][DPS Meter] EMBLEM ASSET sprite=CSL_Character_Selected rect=128x128 texture=sactx-0-4096x4096-Crunch-Atlas_InGame-4db2a7cf textureSize=4096x4096
[v15.100][DPS Meter] EMBLEM ASSET sprite=CSL_Character_Selected rect=128x128 texture=sactx-0-4096x4096-Crunch-Atlas_InGame-4db2a7cf textureSize=4096x4096
[v15.100][DPS Meter] EMBLEM ASSET sprite=texEmblemCetus rect=512x512 texture=texEmblemCetus textureSize=512x512
[v15.100][DPS Meter] EMBLEM ASSET sprite=Tex Emblem Bismuth rect=512x512 texture=Tex Emblem Bismuth textureSize=512x512
[v15.100][DPS Meter] EMBLEM ASSET sprite=Tex Emblem Nachia rect=512x512 texture=Tex Emblem Nachia textureSize=512x512
[v15.100][DPS Meter] EMBLEM ASSET sprite=texEmblemYubar rect=512x512 texture=texEmblemYubar textureSize=512x512
[v15.100][DPS Meter] EMBLEM ASSET sprite=texEmblemHusk rect=512x512 texture=texEmblemHusk textureSize=512x512
[v15.100][DPS Meter] EMBLEM ASSET sprite=texEmblemLacerta rect=512x512 texture=texEmblemLacerta textureSize=512x512
[v15.100][DPS Meter] EMBLEM ASSET sprite=texEmblemVesper rect=512x512 texture=texEmblemVesper textureSize=512x512
[v15.100][DPS Meter] EMBLEM ASSET sprite=texEmblemMist rect=512x512 texture=texEmblemMist textureSize=512x512
[v15.100][DPS Meter] EMBLEM ASSET sprite=texEmblemAurena rect=512x512 texture=texEmblemAurena textureSize=512x512
[v15.100][DPS Meter] EMBLEM ASSET sprite=texEmblemMist rect=512x512 texture=texEmblemMist textureSize=512x512
[v15.100][DPS Meter] EMBLEM ASSET texture=texEmblemCetus size=512x512
[v15.100][DPS Meter] EMBLEM ASSET texture=Tex Emblem Bismuth size=512x512
[v15.100][DPS Meter] EMBLEM ASSET texture=Tex Emblem Nachia size=512x512
[v15.100][DPS Meter] EMBLEM ASSET texture=texEmblemYubar size=512x512
[v15.100][DPS Meter] EMBLEM ASSET texture=texEmblemHusk size=512x512
[v15.100][DPS Meter] EMBLEM ASSET texture=texEmblemLacerta size=512x512
[v15.100][DPS Meter] EMBLEM ASSET texture=texEmblemVesper size=512x512
[v15.100][DPS Meter] EMBLEM ASSET texture=texEmblemMist size=512x512
[v15.100][DPS Meter] EMBLEM ASSET texture=texEmblemAurena size=512x512
[v15.100][DPS Meter] EMBLEM ASSET texture=texEmblemMist size=512x512
[v15.100][DPS Meter] EMBLEM ASSET scan-complete sprites=1215 matching-sprites=12 textures=2389 matching-textures=10
[v15.100][DPS Meter] HERO ICON sprite path=hero.icon sprite=Tex Emblem Bismuth texture=Tex Emblem Bismuth
[v15.100][DPS Meter] HERO ICON scan-complete objects=9
[v15.100][DPS Meter] RUN-HISTORY saved count=9 chars=45064 path=C:/Users/hlai/AppData/LocalLow/Lizard Smoothie/Shape of Dreams\DPSMeter-run-history.json
[v15.100][DPS Meter] EMBLEM UI component=UnityEngine.UI.Image object=Icon sprite=Tex Emblem Bismuth texture=Tex Emblem Bismuth rect=512x512 active=True
[v15.100][DPS Meter] EMBLEM UI newly-referenced=1
[v15.100][DPS Meter] EMBLEM UI component=UnityEngine.UI.Image object=Icon sprite=texEmblemMist texture=texEmblemMist rect=512x512 active=False
[v15.100][DPS Meter] EMBLEM UI component=UnityEngine.UI.Image object=Icon sprite=texEmblemMist texture=texEmblemMist rect=512x512 active=False
[v15.100][DPS Meter] EMBLEM UI component=UnityEngine.UI.Image object=Icon sprite=texEmblemMist texture=texEmblemMist rect=512x512 active=False
[v15.100][DPS Meter] EMBLEM UI component=UnityEngine.UI.Image object=Icon sprite=texEmblemMist texture=texEmblemMist rect=512x512 active=False
[v15.100][DPS Meter] EMBLEM UI component=UnityEngine.UI.Image object=Icon sprite=texEmblemMist texture=texEmblemMist rect=512x512 active=False
[v15.100][DPS Meter] EMBLEM UI component=UnityEngine.UI.Image object=Icon sprite=texEmblemMist texture=texEmblemMist rect=512x512 active=False
[v15.100][DPS Meter] EMBLEM UI component=UnityEngine.UI.Image object=Icon sprite=texEmblemMist texture=texEmblemMist rect=512x512 active=False
[v15.100][DPS Meter] EMBLEM UI component=UnityEngine.UI.Image object=Icon sprite=texEmblemMist texture=texEmblemMist rect=512x512 active=False
[v15.100][DPS Meter] EMBLEM UI component=UnityEngine.UI.Image object=Icon sprite=texEmblemMist texture=texEmblemMist rect=512x512 active=False
[v15.100][DPS Meter] EMBLEM UI component=UnityEngine.UI.Image object=Icon sprite=texEmblemMist texture=texEmblemMist rect=512x512 active=False
[v15.100][DPS Meter] EMBLEM UI component=UnityEngine.UI.Image object=Icon sprite=texEmblemMist texture=texEmblemMist rect=512x512 active=False
[v15.100][DPS Meter] EMBLEM UI component=UnityEngine.UI.Image object=Icon sprite=texEmblemMist texture=texEmblemMist rect=512x512 active=False
[v15.100][DPS Meter] EMBLEM UI component=UnityEngine.UI.Image object=Icon sprite=texEmblemMist texture=texEmblemMist rect=512x512 active=False
[v15.100][DPS Meter] EMBLEM UI component=UnityEngine.UI.Image object=Icon sprite=texEmblemMist texture=texEmblemMist rect=512x512 active=False
[v15.100][DPS Meter] EMBLEM UI component=UnityEngine.UI.Image object=Icon sprite=texEmblemMist texture=texEmblemMist rect=512x512 active=False
[v15.100][DPS Meter] EMBLEM UI component=UnityEngine.UI.Image object=Icon sprite=texEmblemMist texture=texEmblemMist rect=512x512 active=False
[v15.100][DPS Meter] EMBLEM UI component=UnityEngine.UI.Image object=Icon sprite=texEmblemMist texture=texEmblemMist rect=512x512 active=False
[v15.100][DPS Meter] EMBLEM UI component=UnityEngine.UI.Image object=Icon sprite=texEmblemMist texture=texEmblemMist rect=512x512 active=False
[v15.100][DPS Meter] EMBLEM UI component=UnityEngine.UI.Image object=Icon sprite=texEmblemMist texture=texEmblemMist rect=512x512 active=False
[v15.100][DPS Meter] EMBLEM UI component=UnityEngine.UI.Image object=Icon sprite=texEmblemMist texture=texEmblemMist rect=512x512 active=False
[v15.100][DPS Meter] EMBLEM UI component=UnityEngine.UI.Image object=Icon sprite=texEmblemMist texture=texEmblemMist rect=512x512 active=False
[v15.100][DPS Meter] EMBLEM UI component=UnityEngine.UI.Image object=Icon sprite=texEmblemMist texture=texEmblemMist rect=512x512 active=False
[v15.100][DPS Meter] EMBLEM UI component=UnityEngine.UI.Image object=Icon sprite=texEmblemMist texture=texEmblemMist rect=512x512 active=False
[v15.100][DPS Meter] EMBLEM UI component=UnityEngine.UI.Image object=Icon sprite=texEmblemMist texture=texEmblemMist rect=512x512 active=False
[v15.100][DPS Meter] EMBLEM UI component=UnityEngine.UI.Image object=Icon sprite=texEmblemMist texture=texEmblemMist rect=512x512 active=False
[v15.100][DPS Meter] EMBLEM UI component=UnityEngine.UI.Image object=Icon sprite=texEmblemMist texture=texEmblemMist rect=512x512 active=False
[v15.100][DPS Meter] EMBLEM UI component=UnityEngine.UI.Image object=Icon sprite=texEmblemMist texture=texEmblemMist rect=512x512 active=False
[v15.100][DPS Meter] EMBLEM UI component=UnityEngine.UI.Image object=Icon sprite=texEmblemMist texture=texEmblemMist rect=512x512 active=False
[v15.100][DPS Meter] EMBLEM UI component=UnityEngine.UI.Image object=Icon sprite=texEmblemMist texture=texEmblemMist rect=512x512 active=False
[v15.100][DPS Meter] EMBLEM UI component=UnityEngine.UI.Image object=Icon sprite=texEmblemMist texture=texEmblemMist rect=512x512 active=False
[v15.100][DPS Meter] EMBLEM UI component=UnityEngine.UI.Image object=Icon sprite=texEmblemMist texture=texEmblemMist rect=512x512 active=False
[v15.100][DPS Meter] EMBLEM UI component=UnityEngine.UI.Image object=Icon sprite=texEmblemMist texture=texEmblemMist rect=512x512 active=False
[v15.100][DPS Meter] EMBLEM UI component=UnityEngine.UI.Image object=Icon sprite=texEmblemMist texture=texEmblemMist rect=512x512 active=False
[v15.100][DPS Meter] EMBLEM UI component=UnityEngine.UI.Image object=Icon sprite=texEmblemMist texture=texEmblemMist rect=512x512 active=False
[v15.100][DPS Meter] EMBLEM UI component=UnityEngine.UI.Image object=Icon sprite=texEmblemMist texture=texEmblemMist rect=512x512 active=False
[v15.100][DPS Meter] EMBLEM UI component=UnityEngine.UI.Image object=Icon sprite=texEmblemMist texture=texEmblemMist rect=512x512 active=False
[v15.100][DPS Meter] EMBLEM UI component=UnityEngine.UI.Image object=Icon sprite=texEmblemMist texture=texEmblemMist rect=512x512 active=False
[v15.100][DPS Meter] EMBLEM UI component=UnityEngine.UI.Image object=Icon sprite=texEmblemMist texture=texEmblemMist rect=512x512 active=False
[v15.100][DPS Meter] EMBLEM UI component=UnityEngine.UI.Image object=Icon sprite=texEmblemMist texture=texEmblemMist rect=512x512 active=False
[v15.100][DPS Meter] EMBLEM UI component=UnityEngine.UI.Image object=Icon sprite=texEmblemMist texture=texEmblemMist rect=512x512 active=False
[v15.100][DPS Meter] EMBLEM UI component=UnityEngine.UI.Image object=Icon sprite=texEmblemMist texture=texEmblemMist rect=512x512 active=False
[v15.100][DPS Meter] EMBLEM UI component=UnityEngine.UI.Image object=Icon sprite=texEmblemMist texture=texEmblemMist rect=512x512 active=False
[v15.100][DPS Meter] EMBLEM UI component=UnityEngine.UI.Image object=Icon sprite=texEmblemMist texture=texEmblemMist rect=512x512 active=False
[v15.100][DPS Meter] EMBLEM UI component=UnityEngine.UI.Image object=Icon sprite=texEmblemMist texture=texEmblemMist rect=512x512 active=False
[v15.100][DPS Meter] EMBLEM UI component=UnityEngine.UI.Image object=Icon sprite=texEmblemMist texture=texEmblemMist rect=512x512 active=False
[v15.100][DPS Meter] EMBLEM UI component=UnityEngine.UI.Image object=Icon sprite=texEmblemMist texture=texEmblemMist rect=512x512 active=False
[v15.100][DPS Meter] EMBLEM UI component=UnityEngine.UI.Image object=Icon sprite=texEmblemMist texture=texEmblemMist rect=512x512 active=False
[v15.100][DPS Meter] EMBLEM UI component=UnityEngine.UI.Image object=Icon sprite=texEmblemMist texture=texEmblemMist rect=512x512 active=False
[v15.100][DPS Meter] EMBLEM UI component=UnityEngine.UI.Image object=Icon sprite=texEmblemMist texture=texEmblemMist rect=512x512 active=False
[v15.100][DPS Meter] EMBLEM UI component=UnityEngine.UI.Image object=Icon sprite=texEmblemMist texture=texEmblemMist rect=512x512 active=False
[v15.100][DPS Meter] EMBLEM UI component=UnityEngine.UI.Image object=Icon sprite=texEmblemMist texture=texEmblemMist rect=512x512 active=False
[v15.100][DPS Meter] EMBLEM UI component=UnityEngine.UI.Image object=Icon sprite=texEmblemMist texture=texEmblemMist rect=512x512 active=False
[v15.100][DPS Meter] EMBLEM UI component=UnityEngine.UI.Image object=Icon sprite=texEmblemMist texture=texEmblemMist rect=512x512 active=False
[v15.100][DPS Meter] EMBLEM UI component=UnityEngine.UI.Image object=Icon sprite=texEmblemMist texture=texEmblemMist rect=512x512 active=False
[v15.100][DPS Meter] EMBLEM UI component=UnityEngine.UI.Image object=Icon sprite=texEmblemMist texture=texEmblemMist rect=512x512 active=False
[v15.100][DPS Meter] EMBLEM UI component=UnityEngine.UI.Image object=Icon sprite=texEmblemMist texture=texEmblemMist rect=512x512 active=False
[v15.100][DPS Meter] EMBLEM UI component=UnityEngine.UI.Image object=Icon sprite=texEmblemMist texture=texEmblemMist rect=512x512 active=False
[v15.100][DPS Meter] EMBLEM UI component=UnityEngine.UI.Image object=Icon sprite=texEmblemMist texture=texEmblemMist rect=512x512 active=False
[v15.100][DPS Meter] EMBLEM UI component=UnityEngine.UI.Image object=Icon sprite=texEmblemMist texture=texEmblemMist rect=512x512 active=False
[v15.100][DPS Meter] EMBLEM UI component=UnityEngine.UI.Image object=Icon sprite=texEmblemMist texture=texEmblemMist rect=512x512 active=False
[v15.100][DPS Meter] EMBLEM UI component=UnityEngine.UI.Image object=Icon sprite=texEmblemMist texture=texEmblemMist rect=512x512 active=False
[v15.100][DPS Meter] EMBLEM UI component=UnityEngine.UI.Image object=Icon sprite=texEmblemMist texture=texEmblemMist rect=512x512 active=False
[v15.100][DPS Meter] EMBLEM UI component=UnityEngine.UI.Image object=Icon sprite=texEmblemMist texture=texEmblemMist rect=512x512 active=False
[v15.100][DPS Meter] EMBLEM UI component=UnityEngine.UI.Image object=Icon sprite=texEmblemMist texture=texEmblemMist rect=512x512 active=False
[v15.100][DPS Meter] EMBLEM UI component=UnityEngine.UI.Image object=Icon sprite=texEmblemMist texture=texEmblemMist rect=512x512 active=False
[v15.100][DPS Meter] EMBLEM UI component=UnityEngine.UI.Image object=Icon sprite=texEmblemMist texture=texEmblemMist rect=512x512 active=False
[v15.100][DPS Meter] EMBLEM UI component=UnityEngine.UI.Image object=Icon sprite=texEmblemMist texture=texEmblemMist rect=512x512 active=False
[v15.100][DPS Meter] EMBLEM UI component=UnityEngine.UI.Image object=Icon sprite=texEmblemMist texture=texEmblemMist rect=512x512 active=False
[v15.100][DPS Meter] EMBLEM UI component=UnityEngine.UI.Image object=Icon sprite=texEmblemMist texture=texEmblemMist rect=512x512 active=False
[v15.100][DPS Meter] EMBLEM UI component=UnityEngine.UI.Image object=Icon sprite=texEmblemMist texture=texEmblemMist rect=512x512 active=False
[v15.100][DPS Meter] EMBLEM UI component=UnityEngine.UI.Image object=Icon sprite=texEmblemMist texture=texEmblemMist rect=512x512 active=False
[v15.100][DPS Meter] EMBLEM UI component=UnityEngine.UI.Image object=Icon sprite=texEmblemMist texture=texEmblemMist rect=512x512 active=False
[v15.100][DPS Meter] EMBLEM UI component=UnityEngine.UI.Image object=Icon sprite=texEmblemMist texture=texEmblemMist rect=512x512 active=False
[v15.100][DPS Meter] EMBLEM UI component=UnityEngine.UI.Image object=Icon sprite=texEmblemMist texture=texEmblemMist rect=512x512 active=False
[v15.100][DPS Meter] EMBLEM UI component=UnityEngine.UI.Image object=Icon sprite=texEmblemMist texture=texEmblemMist rect=512x512 active=False
[v15.100][DPS Meter] EMBLEM UI component=UnityEngine.UI.Image object=Icon sprite=texEmblemMist texture=texEmblemMist rect=512x512 active=False
[v15.100][DPS Meter] EMBLEM UI component=UnityEngine.UI.Image object=Icon sprite=texEmblemMist texture=texEmblemMist rect=512x512 active=False
[v15.100][DPS Meter] EMBLEM UI component=UnityEngine.UI.Image object=Icon sprite=texEmblemMist texture=texEmblemMist rect=512x512 active=False
[v15.100][DPS Meter] EMBLEM UI component=UnityEngine.UI.Image object=Icon sprite=texEmblemMist texture=texEmblemMist rect=512x512 active=False
[v15.100][DPS Meter] EMBLEM UI component=UnityEngine.UI.Image object=Icon sprite=texEmblemMist texture=texEmblemMist rect=512x512 active=False
[v15.100][DPS Meter] EMBLEM UI component=UnityEngine.UI.Image object=Icon sprite=texEmblemMist texture=texEmblemMist rect=512x512 active=False
[v15.100][DPS Meter] EMBLEM UI component=UnityEngine.UI.Image object=Icon sprite=texEmblemMist texture=texEmblemMist rect=512x512 active=False
[v15.100][DPS Meter] EMBLEM UI component=UnityEngine.UI.Image object=Icon sprite=texEmblemMist texture=texEmblemMist rect=512x512 active=False
[v15.100][DPS Meter] EMBLEM UI component=UnityEngine.UI.Image object=Icon sprite=texEmblemMist texture=texEmblemMist rect=512x512 active=False
[v15.100][DPS Meter] EMBLEM UI component=UnityEngine.UI.Image object=Icon sprite=texEmblemMist texture=texEmblemMist rect=512x512 active=False
[v15.100][DPS Meter] EMBLEM UI component=UnityEngine.UI.Image object=Icon sprite=texEmblemMist texture=texEmblemMist rect=512x512 active=False
[v15.100][DPS Meter] EMBLEM UI component=UnityEngine.UI.Image object=Icon sprite=texEmblemMist texture=texEmblemMist rect=512x512 active=False
[v15.100][DPS Meter] EMBLEM UI component=UnityEngine.UI.Image object=Icon sprite=texEmblemMist texture=texEmblemMist rect=512x512 active=False
[v15.100][DPS Meter] EMBLEM UI component=UnityEngine.UI.Image object=Icon sprite=texEmblemMist texture=texEmblemMist rect=512x512 active=False
[v15.100][DPS Meter] EMBLEM UI component=UnityEngine.UI.Image object=Icon sprite=texEmblemMist texture=texEmblemMist rect=512x512 active=False
[v15.100][DPS Meter] EMBLEM UI component=UnityEngine.UI.Image object=Icon sprite=texEmblemMist texture=texEmblemMist rect=512x512 active=False
[v15.100][DPS Meter] EMBLEM UI component=UnityEngine.UI.Image object=Icon sprite=texEmblemMist texture=texEmblemMist rect=512x512 active=False
[v15.100][DPS Meter] EMBLEM UI component=UnityEngine.UI.Image object=Icon sprite=texEmblemMist texture=texEmblemMist rect=512x512 active=False
[v15.100][DPS Meter] EMBLEM UI component=UnityEngine.UI.Image object=Icon sprite=texEmblemMist texture=texEmblemMist rect=512x512 active=False
[v15.100][DPS Meter] EMBLEM UI component=UnityEngine.UI.Image object=Icon sprite=texEmblemMist texture=texEmblemMist rect=512x512 active=False
[v15.100][DPS Meter] EMBLEM UI component=UnityEngine.UI.Image object=Icon sprite=texEmblemMist texture=texEmblemMist rect=512x512 active=False
[v15.100][DPS Meter] EMBLEM UI component=UnityEngine.UI.Image object=Icon sprite=texEmblemMist texture=texEmblemMist rect=512x512 active=False
[v15.100][DPS Meter] EMBLEM UI component=UnityEngine.UI.Image object=Icon sprite=texEmblemMist texture=texEmblemMist rect=512x512 active=False
[v15.100][DPS Meter] EMBLEM UI component=UnityEngine.UI.Image object=Icon sprite=texEmblemMist texture=texEmblemMist rect=512x512 active=False
[v15.100][DPS Meter] EMBLEM UI component=UnityEngine.UI.Image object=Icon sprite=texEmblemMist texture=texEmblemMist rect=512x512 active=False
[v15.100][DPS Meter] EMBLEM UI component=UnityEngine.UI.Image object=Icon sprite=texEmblemMist texture=texEmblemMist rect=512x512 active=False
[v15.100][DPS Meter] EMBLEM UI component=UnityEngine.UI.Image object=Icon sprite=texEmblemMist texture=texEmblemMist rect=512x512 active=False
[v15.100][DPS Meter] EMBLEM UI component=UnityEngine.UI.Image object=Icon sprite=texEmblemMist texture=texEmblemMist rect=512x512 active=False
[v15.100][DPS Meter] EMBLEM UI component=UnityEngine.UI.Image object=Icon sprite=texEmblemMist texture=texEmblemMist rect=512x512 active=False
[v15.100][DPS Meter] EMBLEM UI component=UnityEngine.UI.Image object=Icon sprite=texEmblemMist texture=texEmblemMist rect=512x512 active=False
[v15.100][DPS Meter] EMBLEM UI component=UnityEngine.UI.Image object=Icon sprite=texEmblemMist texture=texEmblemMist rect=512x512 active=False
[v15.100][DPS Meter] EMBLEM UI component=UnityEngine.UI.Image object=Icon sprite=texEmblemMist texture=texEmblemMist rect=512x512 active=False
[v15.100][DPS Meter] EMBLEM UI component=UnityEngine.UI.Image object=Icon sprite=texEmblemMist texture=texEmblemMist rect=512x512 active=False
[v15.100][DPS Meter] EMBLEM UI component=UnityEngine.UI.Image object=Icon sprite=texEmblemMist texture=texEmblemMist rect=512x512 active=False
[v15.100][DPS Meter] EMBLEM UI component=UnityEngine.UI.Image object=Icon sprite=texEmblemMist texture=texEmblemMist rect=512x512 active=False
[v15.100][DPS Meter] EMBLEM UI component=UnityEngine.UI.Image object=Icon sprite=texEmblemMist texture=texEmblemMist rect=512x512 active=False
[v15.100][DPS Meter] EMBLEM UI component=UnityEngine.UI.Image object=Icon sprite=texEmblemMist texture=texEmblemMist rect=512x512 active=False
[v15.100][DPS Meter] EMBLEM UI component=UnityEngine.UI.Image object=Icon sprite=texEmblemMist texture=texEmblemMist rect=512x512 active=False
[v15.100][DPS Meter] EMBLEM UI component=UnityEngine.UI.Image object=Icon sprite=texEmblemMist texture=texEmblemMist rect=512x512 active=False
[v15.100][DPS Meter] EMBLEM UI component=UnityEngine.UI.Image object=Icon sprite=texEmblemMist texture=texEmblemMist rect=512x512 active=False
[v15.100][DPS Meter] EMBLEM UI component=UnityEngine.UI.Image object=Icon sprite=texEmblemMist texture=texEmblemMist rect=512x512 active=False
[v15.100][DPS Meter] EMBLEM UI component=UnityEngine.UI.Image object=Icon sprite=texEmblemMist texture=texEmblemMist rect=512x512 active=False
[v15.100][DPS Meter] EMBLEM UI component=UnityEngine.UI.Image object=Icon sprite=texEmblemMist texture=texEmblemMist rect=512x512 active=False
[v15.100][DPS Meter] EMBLEM UI component=UnityEngine.UI.Image object=Icon sprite=texEmblemMist texture=texEmblemMist rect=512x512 active=False
[v15.100][DPS Meter] EMBLEM UI component=UnityEngine.UI.Image object=Icon sprite=texEmblemMist texture=texEmblemMist rect=512x512 active=False
[v15.100][DPS Meter] EMBLEM UI component=UnityEngine.UI.Image object=Icon sprite=texEmblemMist texture=texEmblemMist rect=512x512 active=False
[v15.100][DPS Meter] EMBLEM UI component=UnityEngine.UI.Image object=Icon sprite=texEmblemMist texture=texEmblemMist rect=512x512 active=False
[v15.100][DPS Meter] EMBLEM UI component=UnityEngine.UI.Image object=Icon sprite=texEmblemMist texture=texEmblemMist rect=512x512 active=False
[v15.100][DPS Meter] EMBLEM UI component=UnityEngine.UI.Image object=Icon sprite=texEmblemMist texture=texEmblemMist rect=512x512 active=False
[v15.100][DPS Meter] EMBLEM UI component=UnityEngine.UI.Image object=Icon sprite=texEmblemMist texture=texEmblemMist rect=512x512 active=False
[v15.100][DPS Meter] EMBLEM UI component=UnityEngine.UI.Image object=Icon sprite=texEmblemMist texture=texEmblemMist rect=512x512 active=False
[v15.100][DPS Meter] EMBLEM UI component=UnityEngine.UI.Image object=Icon sprite=texEmblemMist texture=texEmblemMist rect=512x512 active=False
[v15.100][DPS Meter] EMBLEM UI component=UnityEngine.UI.Image object=Icon sprite=texEmblemMist texture=texEmblemMist rect=512x512 active=False
[v15.100][DPS Meter] EMBLEM UI component=UnityEngine.UI.Image object=Icon sprite=texEmblemMist texture=texEmblemMist rect=512x512 active=False
[v15.100][DPS Meter] EMBLEM UI component=UnityEngine.UI.Image object=Icon sprite=texEmblemMist texture=texEmblemMist rect=512x512 active=False
[v15.100][DPS Meter] EMBLEM UI component=UnityEngine.UI.Image object=Icon sprite=texEmblemMist texture=texEmblemMist rect=512x512 active=False
[v15.100][DPS Meter] EMBLEM UI component=UnityEngine.UI.Image object=Icon sprite=texEmblemMist texture=texEmblemMist rect=512x512 active=False
[v15.100][DPS Meter] EMBLEM UI component=UnityEngine.UI.Image object=Icon sprite=texEmblemMist texture=texEmblemMist rect=512x512 active=False
[v15.100][DPS Meter] EMBLEM UI component=UnityEngine.UI.Image object=Icon sprite=texEmblemMist texture=texEmblemMist rect=512x512 active=False
[v15.100][DPS Meter] EMBLEM UI component=UnityEngine.UI.Image object=Icon sprite=texEmblemMist texture=texEmblemMist rect=512x512 active=False
[v15.100][DPS Meter] EMBLEM UI component=UnityEngine.UI.Image object=Icon sprite=texEmblemMist texture=texEmblemMist rect=512x512 active=False
[v15.100][DPS Meter] EMBLEM UI component=UnityEngine.UI.Image object=Icon sprite=texEmblemMist texture=texEmblemMist rect=512x512 active=False
[v15.100][DPS Meter] EMBLEM UI component=UnityEngine.UI.Image object=Icon sprite=texEmblemMist texture=texEmblemMist rect=512x512 active=False
[v15.100][DPS Meter] EMBLEM UI component=UnityEngine.UI.Image object=Icon sprite=texEmblemMist texture=texEmblemMist rect=512x512 active=False
[v15.100][DPS Meter] EMBLEM UI component=UnityEngine.UI.Image object=Icon sprite=texEmblemMist texture=texEmblemMist rect=512x512 active=False
[v15.100][DPS Meter] EMBLEM UI component=UnityEngine.UI.Image object=Icon sprite=texEmblemMist texture=texEmblemMist rect=512x512 active=False
[v15.100][DPS Meter] EMBLEM UI component=UnityEngine.UI.Image object=Icon sprite=texEmblemMist texture=texEmblemMist rect=512x512 active=False
[v15.100][DPS Meter] EMBLEM UI component=UnityEngine.UI.Image object=Icon sprite=texEmblemMist texture=texEmblemMist rect=512x512 active=False
[v15.100][DPS Meter] EMBLEM UI component=UnityEngine.UI.Image object=Icon sprite=texEmblemMist texture=texEmblemMist rect=512x512 active=False
[v15.100][DPS Meter] EMBLEM UI component=UnityEngine.UI.Image object=Icon sprite=texEmblemMist texture=texEmblemMist rect=512x512 active=False
[v15.100][DPS Meter] EMBLEM UI component=UnityEngine.UI.Image object=Icon sprite=texEmblemMist texture=texEmblemMist rect=512x512 active=False
[v15.100][DPS Meter] EMBLEM UI component=UnityEngine.UI.Image object=Icon sprite=texEmblemMist texture=texEmblemMist rect=512x512 active=False
[v15.100][DPS Meter] EMBLEM UI component=UnityEngine.UI.Image object=Icon sprite=texEmblemMist texture=texEmblemMist rect=512x512 active=False
[v15.100][DPS Meter] EMBLEM UI component=UnityEngine.UI.Image object=Icon sprite=texEmblemMist texture=texEmblemMist rect=512x512 active=False
[v15.100][DPS Meter] EMBLEM UI component=UnityEngine.UI.Image object=Icon sprite=texEmblemMist texture=texEmblemMist rect=512x512 active=False
[v15.100][DPS Meter] EMBLEM UI component=UnityEngine.UI.Image object=Icon sprite=texEmblemMist texture=texEmblemMist rect=512x512 active=False
[v15.100][DPS Meter] EMBLEM UI component=UnityEngine.UI.Image object=Icon sprite=texEmblemMist texture=texEmblemMist rect=512x512 active=False
[v15.100][DPS Meter] EMBLEM UI component=UnityEngine.UI.Image object=Icon sprite=texEmblemMist texture=texEmblemMist rect=512x512 active=False
[v15.100][DPS Meter] EMBLEM UI component=UnityEngine.UI.Image object=Icon sprite=texEmblemMist texture=texEmblemMist rect=512x512 active=False
[v15.100][DPS Meter] EMBLEM UI component=UnityEngine.UI.Image object=Icon sprite=texEmblemMist texture=texEmblemMist rect=512x512 active=False
[v15.100][DPS Meter] EMBLEM UI component=UnityEngine.UI.Image object=Icon sprite=texEmblemMist texture=texEmblemMist rect=512x512 active=False
[v15.100][DPS Meter] EMBLEM UI component=UnityEngine.UI.Image object=Icon sprite=texEmblemMist texture=texEmblemMist rect=512x512 active=False
[v15.100][DPS Meter] EMBLEM UI component=UnityEngine.UI.Image object=Icon sprite=texEmblemMist texture=texEmblemMist rect=512x512 active=False
[v15.100][DPS Meter] EMBLEM UI component=UnityEngine.UI.Image object=Icon sprite=texEmblemMist texture=texEmblemMist rect=512x512 active=False
[v15.100][DPS Meter] EMBLEM UI component=UnityEngine.UI.Image object=Icon sprite=texEmblemMist texture=texEmblemMist rect=512x512 active=False
[v15.100][DPS Meter] EMBLEM UI component=UnityEngine.UI.Image object=Icon sprite=texEmblemMist texture=texEmblemMist rect=512x512 active=False
[v15.100][DPS Meter] EMBLEM UI component=UnityEngine.UI.Image object=Icon sprite=texEmblemMist texture=texEmblemMist rect=512x512 active=False
[v15.100][DPS Meter] EMBLEM UI component=UnityEngine.UI.Image object=Icon sprite=texEmblemMist texture=texEmblemMist rect=512x512 active=False
[v15.100][DPS Meter] EMBLEM UI component=UnityEngine.UI.Image object=Icon sprite=texEmblemMist texture=texEmblemMist rect=512x512 active=False
[v15.100][DPS Meter] EMBLEM UI component=UnityEngine.UI.Image object=Icon sprite=texEmblemMist texture=texEmblemMist rect=512x512 active=False
[v15.100][DPS Meter] EMBLEM UI component=UnityEngine.UI.Image object=Icon sprite=texEmblemMist texture=texEmblemMist rect=512x512 active=False
[v15.100][DPS Meter] EMBLEM UI component=UnityEngine.UI.Image object=Icon sprite=texEmblemMist texture=texEmblemMist rect=512x512 active=False
[v15.100][DPS Meter] EMBLEM UI component=UnityEngine.UI.Image object=Icon sprite=texEmblemMist texture=texEmblemMist rect=512x512 active=False
[v15.100][DPS Meter] EMBLEM UI component=UnityEngine.UI.Image object=Icon sprite=texEmblemMist texture=texEmblemMist rect=512x512 active=True
[v15.100][DPS Meter] EMBLEM UI component=UnityEngine.UI.Image object=Icon sprite=texEmblemMist texture=texEmblemMist rect=512x512 active=True
[v15.100][DPS Meter] EMBLEM UI component=UnityEngine.UI.Image object=Icon sprite=texEmblemMist texture=texEmblemMist rect=512x512 active=True
[v15.100][DPS Meter] EMBLEM UI component=UnityEngine.UI.Image object=Icon sprite=texEmblemMist texture=texEmblemMist rect=512x512 active=True
[v15.100][DPS Meter] EMBLEM UI component=UnityEngine.UI.Image object=Icon sprite=texEmblemMist texture=texEmblemMist rect=512x512 active=True
[v15.100][DPS Meter] EMBLEM UI component=UnityEngine.UI.Image object=Icon sprite=texEmblemMist texture=texEmblemMist rect=512x512 active=True
[v15.100][DPS Meter] EMBLEM UI component=UnityEngine.UI.Image object=Icon sprite=texEmblemMist texture=texEmblemMist rect=512x512 active=True
[v15.100][DPS Meter] EMBLEM UI component=UnityEngine.UI.Image object=Icon sprite=texEmblemMist texture=texEmblemMist rect=512x512 active=True
[v15.100][DPS Meter] EMBLEM UI component=UnityEngine.UI.Image object=Icon sprite=texEmblemMist texture=texEmblemMist rect=512x512 active=True
[v15.100][DPS Meter] EMBLEM UI component=UnityEngine.UI.Image object=Hero_Mist sprite=Star_Mist texture=Star_Mist rect=2048x2048 active=False
[v15.100][DPS Meter] EMBLEM UI component=UnityEngine.UI.Image object=Hero_Husk sprite=Star_Husk texture=Star_Husk rect=2048x2048 active=False
[v15.100][DPS Meter] EMBLEM UI component=UnityEngine.UI.Image object=Emblem Corner Frame sprite=Emblem coner UI texture=Emblem coner UI rect=511x512 active=False
[v15.100][DPS Meter] EMBLEM UI component=UnityEngine.UI.Image object=Hero_Bismuth sprite=Star_Bismuth texture=Star_Bismuth rect=2048x2048 active=False
[v15.100][DPS Meter] EMBLEM UI component=UnityEngine.UI.Image object=Hero_Nachia sprite=Star_Nachia texture=Star_Nachia rect=2048x2048 active=False
[v15.100][DPS Meter] EMBLEM UI component=UnityEngine.UI.Image object=Hero_Aurena sprite=Star_Aurena texture=Star_Aurena rect=2048x2048 active=False
[v15.100][DPS Meter] EMBLEM UI component=UnityEngine.UI.Image object=Hero_Vesper sprite=Star_Vesper texture=Star_Vesper rect=2048x2048 active=False
[v15.100][DPS Meter] EMBLEM UI component=UnityEngine.UI.Image object=Hero_Cetus sprite=Star_Cetus texture=Star_Cetus rect=2048x2048 active=False
[v15.100][DPS Meter] EMBLEM UI component=UnityEngine.UI.Image object=Hero_Yubar sprite=Star_Yubar texture=Star_Yubar rect=2048x2048 active=False
[v15.100][DPS Meter] EMBLEM UI component=UnityEngine.UI.Image object=Vertical Lines sprite=Emblem vertical UI texture=Emblem vertical UI rect=354x1024 active=False
[v15.100][DPS Meter] EMBLEM UI component=UnityEngine.UI.Image object=Emblems sprite=BR_Simple_Background texture=BR_Simple_Background rect=64x64 active=False
[v15.100][DPS Meter] EMBLEM UI component=UnityEngine.UI.Image object=Hero_Yubar sprite=Star_Yubar texture=Star_Yubar rect=2048x2048 active=False
[v15.100][DPS Meter] EMBLEM UI component=UnityEngine.UI.Image object=Hero_Cetus sprite=Star_Cetus texture=Star_Cetus rect=2048x2048 active=False
[v15.100][DPS Meter] EMBLEM UI component=UnityEngine.UI.Image object=Hero_Lacerta sprite=Star_Lacerta texture=Star_Lacerta rect=2048x2048 active=False
[v15.100][DPS Meter] EMBLEM UI component=UnityEngine.UI.Image object=Icon sprite=texEmblemMist texture=texEmblemMist rect=512x512 active=False
[v15.100][DPS Meter] EMBLEM UI component=UnityEngine.UI.Image object=Hero_Lacerta sprite=Star_Lacerta texture=Star_Lacerta rect=2048x2048 active=False
[v15.100][DPS Meter] EMBLEM UI component=UnityEngine.UI.Image object=Hero_Vesper sprite=Star_Vesper texture=Star_Vesper rect=2048x2048 active=False
[v15.100][DPS Meter] EMBLEM UI component=UnityEngine.UI.Image object=Hero_Aurena sprite=Star_Aurena texture=Star_Aurena rect=2048x2048 active=False
[v15.100][DPS Meter] EMBLEM UI component=UnityEngine.UI.Image object=Hero_Husk sprite=Star_Husk texture=Star_Husk rect=2048x2048 active=False
[v15.100][DPS Meter] EMBLEM UI component=UnityEngine.UI.Image object=Emblems Button sprite=BR_Simple_Background texture=BR_Simple_Background rect=64x64 active=True
[v15.100][DPS Meter] EMBLEM UI component=UnityEngine.UI.Image object=Change Character Button sprite=BR_Simple_Background texture=BR_Simple_Background rect=64x64 active=True
[v15.100][DPS Meter] EMBLEM UI component=UnityEngine.UI.Image object=Hero_Bismuth sprite=Star_Bismuth texture=Star_Bismuth rect=2048x2048 active=False
[v15.100][DPS Meter] EMBLEM UI component=UnityEngine.UI.Image object=Icon sprite=texEmblemMist texture=texEmblemMist rect=512x512 active=False
[v15.100][DPS Meter] EMBLEM UI component=UnityEngine.UI.Image object=Icon sprite=texEmblemMist texture=texEmblemMist rect=512x512 active=False
[v15.100][DPS Meter] EMBLEM UI component=UnityEngine.UI.Image object=Icon sprite=texEmblemMist texture=texEmblemMist rect=512x512 active=True
[v15.100][DPS Meter] EMBLEM UI component=UnityEngine.UI.Image object=Icon sprite=texEmblemMist texture=texEmblemMist rect=512x512 active=False
[v15.100][DPS Meter] EMBLEM UI component=UnityEngine.UI.Image object=Icon sprite=texEmblemMist texture=texEmblemMist rect=512x512 active=False
[v15.100][DPS Meter] EMBLEM UI component=UnityEngine.UI.Image object=Hero_Nachia sprite=Star_Nachia texture=Star_Nachia rect=2048x2048 active=False
[v15.100][DPS Meter] EMBLEM UI component=UnityEngine.UI.Image object=Hero_Mist sprite=Star_Mist texture=Star_Mist rect=2048x2048 active=False
[v15.100][DPS Meter] EMBLEM UI component=UnityEngine.UI.Image object=Icon sprite=texEmblemMist texture=texEmblemMist rect=512x512 active=True
[v15.100][DPS Meter] EMBLEM UI component=UnityEngine.UI.Image object=Icon sprite=texEmblemMist texture=texEmblemMist rect=512x512 active=False
[v15.100][DPS Meter] EMBLEM UI component=UnityEngine.UI.Image object=Icon sprite=texEmblemMist texture=texEmblemMist rect=512x512 active=True
[v15.100][DPS Meter] EMBLEM UI component=UnityEngine.UI.Image object=Icon sprite=texEmblemMist texture=texEmblemMist rect=512x512 active=True
[v15.100][DPS Meter] EMBLEM UI component=UnityEngine.UI.Image object=Icon sprite=texEmblemMist texture=texEmblemMist rect=512x512 active=True
[v15.100][DPS Meter] EMBLEM UI newly-referenced=211
[v15.100][DPS Meter] EMBLEM UI component=UnityEngine.UI.Image object=Icon sprite=texEmblemCetus texture=texEmblemCetus rect=512x512 active=True
[v15.100][DPS Meter] EMBLEM UI component=UnityEngine.UI.Image object=Icon sprite=texEmblemHusk texture=texEmblemHusk rect=512x512 active=True
[v15.100][DPS Meter] EMBLEM UI component=UnityEngine.UI.Image object=Icon sprite=Tex Emblem Nachia texture=Tex Emblem Nachia rect=512x512 active=True
[v15.100][DPS Meter] EMBLEM UI component=UnityEngine.UI.Image object=Icon sprite=Tex Emblem Bismuth texture=Tex Emblem Bismuth rect=512x512 active=True
[v15.100][DPS Meter] EMBLEM UI component=UnityEngine.UI.Image object=Icon sprite=texEmblemAurena texture=texEmblemAurena rect=512x512 active=True
[v15.100][DPS Meter] EMBLEM UI component=UnityEngine.UI.Image object=Icon sprite=texEmblemVesper texture=texEmblemVesper rect=512x512 active=True
[v15.100][DPS Meter] EMBLEM UI component=UnityEngine.UI.Image object=Icon sprite=texEmblemYubar texture=texEmblemYubar rect=512x512 active=True
[v15.100][DPS Meter] EMBLEM UI component=UnityEngine.UI.Image object=Icon sprite=texEmblemLacerta texture=texEmblemLacerta rect=512x512 active=True
[v15.100][DPS Meter] EMBLEM UI component=UnityEngine.UI.Image object=Icon sprite=Tex Emblem Bismuth texture=Tex Emblem Bismuth rect=512x512 active=True
[v15.100][DPS Meter] EMBLEM UI newly-referenced=9
