[DPS Meter][HEAL TRACE] STAR EFFECT LIVE SCAN count=37
[DPS Meter][HEAL TRACE] STAR EFFECT INSTANCE name=Se_Star_I_ShopDiscount(Clone)
[DPS Meter][HEAL TRACE] STAR EFFECT MEMBER discountRatio declaredType=StarScalingValue valueType=StarScalingValue
[DPS Meter][HEAL TRACE] STAR EFFECT MEMBER type declaredType=StarType valueType=StarType
[DPS Meter][HEAL TRACE] STAR EFFECT MEMBER type value=Imagination
[DPS Meter][HEAL TRACE] STAR EFFECT MEMBER requiredLevel declaredType=System.Int32 valueType=System.Int32
[DPS Meter][HEAL TRACE] STAR EFFECT MEMBER requiredLevel value=20
[DPS Meter][HEAL TRACE] STAR EFFECT MEMBER starIcon declaredType=UnityEngine.Sprite valueType=UnityEngine.Sprite
[DPS Meter][HEAL TRACE] STAR EFFECT MEMBER maxStarLevel declaredType=System.Int32 valueType=System.Int32
[DPS Meter][HEAL TRACE] STAR EFFECT MEMBER maxStarLevel value=5
[DPS Meter][HEAL TRACE] STAR EFFECT MEMBER price declaredType=System.Int32[] valueType=System.Int32[]
[DPS Meter][HEAL TRACE] STAR EFFECT MEMBER normalizedFillAmount declaredType=System.Nullable`1[[System.Single, mscorlib, Version=4.0.0.0, Culture=neutral, PublicKeyToken=b77a5c561934e089]] valueType=null
[DPS Meter][HEAL TRACE] STAR EFFECT MEMBER isCleansable declaredType=System.Boolean valueType=System.Boolean
[DPS Meter][HEAL TRACE] STAR EFFECT MEMBER isCleansable value=False
[DPS Meter][HEAL TRACE] STAR EFFECT MEMBER isBeneficialBuff declaredType=System.Boolean valueType=System.Boolean
[DPS Meter][HEAL TRACE] STAR EFFECT MEMBER isBeneficialBuff value=False
[DPS Meter][HEAL TRACE] STAR EFFECT MEMBER isKilledByCrowdControlImmunity declaredType=System.Boolean valueType=System.Boolean
[DPS Meter][HEAL TRACE] STAR EFFECT MEMBER isKilledByCrowdControlImmunity value=False
[DPS Meter][HEAL TRACE] STAR EFFECT MEMBER scaleDurationByTenacity declaredType=System.Boolean valueType=System.Boolean
[DPS Meter][HEAL TRACE] STAR EFFECT MEMBER scaleDurationByTenacity value=False
[DPS Meter][HEAL TRACE] STAR EFFECT MEMBER icon declaredType=UnityEngine.Sprite valueType=null
[DPS Meter][HEAL TRACE] STAR EFFECT MEMBER topColor declaredType=UnityEngine.Color valueType=UnityEngine.Color
[DPS Meter][HEAL TRACE] STAR EFFECT MEMBER bottomColor declaredType=UnityEngine.Color valueType=UnityEngine.Color
[DPS Meter][HEAL TRACE] STAR EFFECT MEMBER iconOrder declaredType=System.Int32 valueType=System.Int32
[DPS Meter][HEAL TRACE] STAR EFFECT MEMBER iconOrder value=0
[DPS Meter][HEAL TRACE] STAR EFFECT MEMBER hideOnWorldHealthBar declaredType=System.Boolean valueType=System.Boolean
[DPS Meter][HEAL TRACE] STAR EFFECT MEMBER hideOnWorldHealthBar value=False
[DPS Meter][HEAL TRACE] STAR EFFECT MEMBER startEffectVictim declaredType=UnityEngine.GameObject valueType=null
[DPS Meter][HEAL TRACE] STAR EFFECT MEMBER endEffectVictim declaredType=UnityEngine.GameObject valueType=null
[DPS Meter][HEAL TRACE] STAR EFFECT MEMBER addedMaterials declaredType=UnityEngine.Material[] valueType=UnityEngine.Material[]
