[DPS Meter][HEAL TRACE] STAR EFFECT INSTANCE name=Se_Star_I_ShopDiscount(Clone)
[DPS Meter][HEAL TRACE] STAR EFFECT INSTANCE name=Se_Star_I_AdditionalChaosChance(Clone)
[DPS Meter][HEAL TRACE] STAR EFFECT INSTANCE name=Se_Star_I_DismantleDustToBonusGold(Clone)
[DPS Meter][HEAL TRACE] STAR EFFECT INSTANCE name=Se_Star_I_DreamDustOnKillChance(Clone)
[DPS Meter][HEAL TRACE] STAR EFFECT INSTANCE name=Se_Star_I_ExtraChaosOptionGoldOnUse(Clone)
[DPS Meter][HEAL TRACE] STAR EFFECT INSTANCE name=Se_Star_I_ShopRefreshToken(Clone)
[DPS Meter][HEAL TRACE] STAR EFFECT INSTANCE name=Se_Star_Bismuth_F_IT_InnerDamage(Clone)
[DPS Meter][HEAL TRACE] STAR EFFECT INSTANCE name=Se_Star_I_MoreShopItems(Clone)
[DPS Meter][HEAL TRACE] STAR EFFECT INSTANCE name=Se_Star_Bismuth_I_DismantleMemoryDreamDust(Clone)
[DPS Meter][HEAL TRACE] STAR EFFECT INSTANCE name=Se_Star_Bismuth_I_KnowledgeBook(Clone)
[DPS Meter][HEAL TRACE] STAR EFFECT INSTANCE name=Se_Star_Bismuth_L_ContinuousSpeed(Clone)
[DPS Meter][HEAL TRACE] STAR EFFECT INSTANCE name=Se_Star_L_HealOnAttack(Clone)
[DPS Meter][HEAL TRACE] STAR EFFECT INSTANCE name=Se_Star_L_DodgeCooldown(Clone)
[DPS Meter][HEAL TRACE] STAR EFFECT INSTANCE name=Se_Star_Bismuth_D_BonusAttackEffect(Clone)
[DPS Meter][HEAL TRACE] STAR EFFECT INSTANCE name=Se_Star_Bismuth_D_SkillHasteAndAutoCast(Clone)
[DPS Meter][HEAL TRACE] STAR EFFECT INSTANCE name=Se_Star_D_BossDamageAmp(Clone)
[DPS Meter][HEAL TRACE] STAR EFFECT INSTANCE name=Se_Star_D_FireAmp(Clone)
[DPS Meter][HEAL TRACE] STAR EFFECT INSTANCE name=Se_Star_D_RiftFirstCastDamageUp(Clone)
[DPS Meter][HEAL TRACE] STAR EFFECT INSTANCE name=Se_Star_D_RiftFirstCastDamageUp
[DPS Meter][HEAL TRACE] STAR EFFECT INSTANCE name=Se_Star_L_HealOnAttack
[DPS Meter][HEAL TRACE] STAR EFFECT INSTANCE name=Se_Star_I_ShopDiscount(Clone)
[DPS Meter][HEAL TRACE] STAR EFFECT INSTANCE name=Se_Star_I_AdditionalChaosChance(Clone)
[DPS Meter][HEAL TRACE] STAR EFFECT INSTANCE name=Se_Star_I_DismantleDustToBonusGold(Clone)
[DPS Meter][HEAL TRACE] STAR EFFECT INSTANCE name=Se_Star_I_DreamDustOnKillChance(Clone)
[DPS Meter][HEAL TRACE] STAR EFFECT INSTANCE name=Se_Star_I_ExtraChaosOptionGoldOnUse(Clone)
[DPS Meter][HEAL TRACE] STAR EFFECT INSTANCE name=Se_Star_I_ShopRefreshToken(Clone)
[DPS Meter][HEAL TRACE] STAR EFFECT INSTANCE name=Se_Star_Bismuth_F_IT_InnerDamage(Clone)
[DPS Meter][HEAL TRACE] STAR EFFECT INSTANCE name=Se_Star_I_MoreShopItems(Clone)
[DPS Meter][HEAL TRACE] STAR EFFECT INSTANCE name=Se_Star_Bismuth_I_DismantleMemoryDreamDust(Clone)
[DPS Meter][HEAL TRACE] STAR EFFECT INSTANCE name=Se_Star_Bismuth_I_KnowledgeBook(Clone)
[DPS Meter][HEAL TRACE] STAR EFFECT INSTANCE name=Se_Star_Bismuth_L_ContinuousSpeed(Clone)
[DPS Meter][HEAL TRACE] STAR EFFECT INSTANCE name=Se_Star_L_HealOnAttack(Clone)
[DPS Meter][HEAL TRACE] STAR EFFECT INSTANCE name=Se_Star_L_DodgeCooldown(Clone)
[DPS Meter][HEAL TRACE] STAR EFFECT INSTANCE name=Se_Star_Bismuth_D_BonusAttackEffect(Clone)
[DPS Meter][HEAL TRACE] STAR EFFECT INSTANCE name=Se_Star_Bismuth_D_SkillHasteAndAutoCast(Clone)
[DPS Meter][HEAL TRACE] STAR EFFECT INSTANCE name=Se_Star_D_BossDamageAmp(Clone)
[DPS Meter][HEAL TRACE] STAR EFFECT INSTANCE name=Se_Star_D_FireAmp(Clone)
[DPS Meter][HEAL TRACE] STAR EFFECT INSTANCE name=Se_Star_D_RiftFirstCastDamageUp(Clone)
[DPS Meter][HEAL TRACE] STAR EFFECT INSTANCE name=Se_Star_D_RiftFirstCastDamageUp
[DPS Meter][HEAL TRACE] STAR EFFECT INSTANCE name=Se_Star_L_HealOnAttack
[DPS Meter][HEAL TRACE] STAR EFFECT INSTANCE name=Se_Star_I_ShopDiscount(Clone)
[DPS Meter][HEAL TRACE] STAR EFFECT INSTANCE name=Se_Star_I_AdditionalChaosChance(Clone)
[DPS Meter][HEAL TRACE] STAR EFFECT INSTANCE name=Se_Star_I_DismantleDustToBonusGold(Clone)
[DPS Meter][HEAL TRACE] STAR EFFECT INSTANCE name=Se_Star_I_DreamDustOnKillChance(Clone)
[DPS Meter][HEAL TRACE] STAR EFFECT INSTANCE name=Se_Star_I_ExtraChaosOptionGoldOnUse(Clone)
[DPS Meter][HEAL TRACE] STAR EFFECT INSTANCE name=Se_Star_I_ShopRefreshToken(Clone)
[DPS Meter][HEAL TRACE] STAR EFFECT INSTANCE name=Se_Star_Bismuth_F_IT_InnerDamage(Clone)
[DPS Meter][HEAL TRACE] STAR EFFECT INSTANCE name=Se_Star_I_MoreShopItems(Clone)
[DPS Meter][HEAL TRACE] STAR EFFECT INSTANCE name=Se_Star_Bismuth_I_DismantleMemoryDreamDust(Clone)
[DPS Meter][HEAL TRACE] STAR EFFECT INSTANCE name=Se_Star_Bismuth_I_KnowledgeBook(Clone)
[DPS Meter][HEAL TRACE] STAR EFFECT INSTANCE name=Se_Star_Bismuth_L_ContinuousSpeed(Clone)
[DPS Meter][HEAL TRACE] STAR EFFECT INSTANCE name=Se_Star_L_HealOnAttack(Clone)
[DPS Meter][HEAL TRACE] STAR EFFECT INSTANCE name=Se_Star_L_DodgeCooldown(Clone)
[DPS Meter][HEAL TRACE] STAR EFFECT INSTANCE name=Se_Star_Bismuth_D_BonusAttackEffect(Clone)
[DPS Meter][HEAL TRACE] STAR EFFECT INSTANCE name=Se_Star_Bismuth_D_SkillHasteAndAutoCast(Clone)
[DPS Meter][HEAL TRACE] STAR EFFECT INSTANCE name=Se_Star_D_BossDamageAmp(Clone)
[DPS Meter][HEAL TRACE] STAR EFFECT INSTANCE name=Se_Star_D_FireAmp(Clone)
[DPS Meter][HEAL TRACE] STAR EFFECT INSTANCE name=Se_Star_D_RiftFirstCastDamageUp(Clone)
[DPS Meter][HEAL TRACE] STAR EFFECT INSTANCE name=Se_Star_D_RiftFirstCastDamageUp
[DPS Meter][HEAL TRACE] STAR EFFECT INSTANCE name=Se_Star_L_HealOnAttack
[DPS Meter][HEAL TRACE] STAR EFFECT INSTANCE name=Se_Star_I_ShopDiscount(Clone)
[DPS Meter][HEAL TRACE] STAR EFFECT INSTANCE name=Se_Star_I_AdditionalChaosChance(Clone)
[DPS Meter][HEAL TRACE] STAR EFFECT INSTANCE name=Se_Star_I_DismantleDustToBonusGold(Clone)
[DPS Meter][HEAL TRACE] STAR EFFECT INSTANCE name=Se_Star_I_DreamDustOnKillChance(Clone)
[DPS Meter][HEAL TRACE] STAR EFFECT INSTANCE name=Se_Star_I_ExtraChaosOptionGoldOnUse(Clone)
[DPS Meter][HEAL TRACE] STAR EFFECT INSTANCE name=Se_Star_I_ShopRefreshToken(Clone)
[DPS Meter][HEAL TRACE] STAR EFFECT INSTANCE name=Se_Star_Bismuth_F_IT_InnerDamage(Clone)
[DPS Meter][HEAL TRACE] STAR EFFECT INSTANCE name=Se_Star_I_MoreShopItems(Clone)
[DPS Meter][HEAL TRACE] STAR EFFECT INSTANCE name=Se_Star_Bismuth_I_DismantleMemoryDreamDust(Clone)
[DPS Meter][HEAL TRACE] STAR EFFECT INSTANCE name=Se_Star_Bismuth_I_KnowledgeBook(Clone)
[DPS Meter][HEAL TRACE] STAR EFFECT INSTANCE name=Se_Star_Bismuth_L_ContinuousSpeed(Clone)
[DPS Meter][HEAL TRACE] STAR EFFECT INSTANCE name=Se_Star_L_HealOnAttack(Clone)
[DPS Meter][HEAL TRACE] STAR EFFECT INSTANCE name=Se_Star_L_DodgeCooldown(Clone)
[DPS Meter][HEAL TRACE] STAR EFFECT INSTANCE name=Se_Star_Bismuth_D_BonusAttackEffect(Clone)
[DPS Meter][HEAL TRACE] STAR EFFECT INSTANCE name=Se_Star_Bismuth_D_SkillHasteAndAutoCast(Clone)
[DPS Meter][HEAL TRACE] STAR EFFECT INSTANCE name=Se_Star_D_BossDamageAmp(Clone)
[DPS Meter][HEAL TRACE] STAR EFFECT INSTANCE name=Se_Star_D_FireAmp(Clone)
[DPS Meter][HEAL TRACE] STAR EFFECT INSTANCE name=Se_Star_D_RiftFirstCastDamageUp(Clone)
[DPS Meter][HEAL TRACE] STAR EFFECT INSTANCE name=Se_Star_D_RiftFirstCastDamageUp
[DPS Meter][HEAL TRACE] STAR EFFECT INSTANCE name=Se_Star_L_HealOnAttack
[DPS Meter][HEAL TRACE] STAR EFFECT INSTANCE name=Se_Star_I_ShopDiscount(Clone)
[DPS Meter][HEAL TRACE] STAR EFFECT INSTANCE name=Se_Star_I_AdditionalChaosChance(Clone)
[DPS Meter][HEAL TRACE] STAR EFFECT INSTANCE name=Se_Star_I_DismantleDustToBonusGold(Clone)
[DPS Meter][HEAL TRACE] STAR EFFECT INSTANCE name=Se_Star_I_DreamDustOnKillChance(Clone)
[DPS Meter][HEAL TRACE] STAR EFFECT INSTANCE name=Se_Star_I_ExtraChaosOptionGoldOnUse(Clone)
[DPS Meter][HEAL TRACE] STAR EFFECT INSTANCE name=Se_Star_I_ShopRefreshToken(Clone)
[DPS Meter][HEAL TRACE] STAR EFFECT INSTANCE name=Se_Star_Bismuth_F_IT_InnerDamage(Clone)
[DPS Meter][HEAL TRACE] STAR EFFECT INSTANCE name=Se_Star_I_MoreShopItems(Clone)
[DPS Meter][HEAL TRACE] STAR EFFECT INSTANCE name=Se_Star_Bismuth_I_DismantleMemoryDreamDust(Clone)
[DPS Meter][HEAL TRACE] STAR EFFECT INSTANCE name=Se_Star_Bismuth_I_KnowledgeBook(Clone)
[DPS Meter][HEAL TRACE] STAR EFFECT INSTANCE name=Se_Star_Bismuth_L_ContinuousSpeed(Clone)
[DPS Meter][HEAL TRACE] STAR EFFECT INSTANCE name=Se_Star_L_HealOnAttack(Clone)
[DPS Meter][HEAL TRACE] STAR EFFECT INSTANCE name=Se_Star_L_DodgeCooldown(Clone)
[DPS Meter][HEAL TRACE] STAR EFFECT INSTANCE name=Se_Star_Bismuth_D_BonusAttackEffect(Clone)
[DPS Meter][HEAL TRACE] STAR EFFECT INSTANCE name=Se_Star_Bismuth_D_SkillHasteAndAutoCast(Clone)
[DPS Meter][HEAL TRACE] STAR EFFECT INSTANCE name=Se_Star_D_BossDamageAmp(Clone)
[DPS Meter][HEAL TRACE] STAR EFFECT INSTANCE name=Se_Star_D_FireAmp(Clone)
[DPS Meter][HEAL TRACE] STAR EFFECT INSTANCE name=Se_Star_D_RiftFirstCastDamageUp(Clone)
[DPS Meter][HEAL TRACE] STAR EFFECT INSTANCE name=Se_Star_D_RiftFirstCastDamageUp
[DPS Meter][HEAL TRACE] STAR EFFECT INSTANCE name=Se_Star_L_HealOnAttack
